Analysis initiated from SIMULIA established products
Abaqus JOB Job-1
Abaqus 2021
Abaqus License Manager checked out the following licenses:
Abaqus/Standard checked out 5 tokens from Flexnet server abqs21.iitkgp.ac.in.
<2479 out of 2650 licenses remain available>.
Begin Analysis Input File Processor
2026-02-22 1:54:30 PM
Run pre.exe
2026-02-22 1:54:34 PM
End Analysis Input File Processor
Begin Abaqus/Standard Analysis
2026-02-22 1:54:34 PM
Run standard.exe
2026-02-22 2:18:48 PM
End Abaqus/Standard Analysis
Begin SIM Wrap-up
2026-02-22 2:18:50 PM
Run SMASimUtility.exe
2026-02-22 2:18:50 PM
End SIM Wrap-up
Abaqus JOB Job-1 COMPLETED
